Using src/app as the root directory for Expo Router.
NativeWind made the following changes to your project to support TypeScript:
  - Updated ./tsconfig.json to include the nativewind-env.d.ts file
Starting Metro Bundler

iOS Bundled 118380ms node_modules\expo-router\entry.js (3684 modules)

› Assets (41):
node_modules\@expo-google-fonts\inter\100Thin_Italic\Inter_100Thin_Italic.ttf (347KB)
node_modules\@expo-google-fonts\inter\100Thin\Inter_100Thin.ttf (343KB)
node_modules\@expo-google-fonts\inter\200ExtraLight_Italic\Inter_200ExtraLight_Italic.ttf (347KB)
node_modules\@expo-google-fonts\inter\200ExtraLight\Inter_200ExtraLight.ttf (343KB)
node_modules\@expo-google-fonts\inter\300Light_Italic\Inter_300Light_Italic.ttf (347KB)
node_modules\@expo-google-fonts\inter\300Light\Inter_300Light.ttf (343KB)
node_modules\@expo-google-fonts\inter\400Regular_Italic\Inter_400Regular_Italic.ttf (346KB)
node_modules\@expo-google-fonts\inter\400Regular\Inter_400Regular.ttf (342KB)
node_modules\@expo-google-fonts\inter\500Medium_Italic\Inter_500Medium_Italic.ttf (346KB)
node_modules\@expo-google-fonts\inter\500Medium\Inter_500Medium.ttf (343KB)
node_modules\@expo-google-fonts\inter\600SemiBold_Italic\Inter_600SemiBold_Italic.ttf (347KB)
node_modules\@expo-google-fonts\inter\600SemiBold\Inter_600SemiBold.ttf (344KB)
node_modules\@expo-google-fonts\inter\700Bold_Italic\Inter_700Bold_Italic.ttf (348KB)
node_modules\@expo-google-fonts\inter\700Bold\Inter_700Bold.ttf (344KB)
node_modules\@expo-google-fonts\inter\800ExtraBold_Italic\Inter_800ExtraBold_Italic.ttf (349KB)
node_modules\@expo-google-fonts\inter\800ExtraBold\Inter_800ExtraBold.ttf (345KB)
node_modules\@expo-google-fonts\inter\900Black_Italic\Inter_900Black_Italic.ttf (349KB)
node_modules\@expo-google-fonts\inter\900Black\Inter_900Black.ttf (345KB)
node_modules\expo-router\assets\arrow_down.png (9.5KB)
node_modules\expo-router\assets\error.png (469B)
node_modules\expo-router\assets\file.png (138B)
node_modules\expo-router\assets\forward.png (188B)
node_modules\expo-router\assets\pkg.png (364B)
node_modules\expo-router\assets\react-navigation\elements\back-icon-mask.png (653B)
node_modules\expo-router\assets\react-navigation\elements\back-icon.png (4 variations | 566B)
node_modules\expo-router\assets\react-navigation\elements\clear-icon.png (4 variations | 425B)
node_modules\expo-router\assets\react-navigation\elements\close-icon.png (4 variations | 235B)
node_modules\expo-router\assets\react-navigation\elements\search-icon.png (3 variations | 582B)
node_modules\expo-router\assets\sitemap.png (465B)
node_modules\expo-router\assets\unmatched.png (4.8KB)

› ios bundles (1):
_expo/static/js/ios/entry-30ea3b9f04e62daf0108edf528014e85.hbc (6.2MB)

› Files (1):
metadata.json (2.8KB)

Exported: dist
